[0m20:29:27.415049 [debug] [MainThread]: Sending event: {'category': 'dbt', 'action': 'invocation', 'label': 'start', 'context': [<snowplow_tracker.self_describing_json.SelfDescribingJson object at 0x000002521967AAE0>, <snowplow_tracker.self_describing_json.SelfDescribingJson object at 0x00000252193878F0>, <snowplow_tracker.self_describing_json.SelfDescribingJson object at 0x0000025219386990>]}


============================== 20:29:27.423485 | 9b6ad5ec-49c9-4ac2-bd8f-c78c8d7acd76 ==============================
[0m20:29:27.423485 [info ] [MainThread]: Running with dbt=1.11.7
[0m20:29:27.425045 [debug] [MainThread]: running dbt with arguments {'static_parser': 'True', 'no_print': 'None', 'version_check': 'True', 'target_path': 'None', 'warn_error_options': 'WarnErrorOptionsV2(error=[], warn=[], silence=[])', 'printer_width': '80', 'write_json': 'True', 'empty': 'False', 'log_cache_events': 'False', 'introspect': 'True', 'cache_selected_only': 'False', 'fail_fast': 'False', 'debug': 'False', 'log_format': 'default', 'partial_parse': 'True', 'send_anonymous_usage_stats': 'True', 'quiet': 'False', 'warn_error': 'None', 'profiles_dir': 'C:\\Users\\mbdal\\.dbt', 'use_colors': 'True', 'invocation_command': 'dbt run', 'indirect_selection': 'eager', 'use_experimental_parser': 'False', 'log_path': 'logs'}
[0m20:29:27.426051 [error] [MainThread]: Encountered an error:
Runtime Error
  No dbt_project.yml found at expected path D:\DEPI\Project\credit-risk-analysis\dbt_project.yml
  Verify that each entry within packages.yml (and their transitive dependencies) contains a file named dbt_project.yml
  
[0m20:29:27.427056 [debug] [MainThread]: Command `dbt run` failed at 20:29:27.427056 after 0.17 seconds
[0m20:29:27.428129 [debug] [MainThread]: Sending event: {'category': 'dbt', 'action': 'invocation', 'label': 'end', 'context': [<snowplow_tracker.self_describing_json.SelfDescribingJson object at 0x0000025219B439E0>, <snowplow_tracker.self_describing_json.SelfDescribingJson object at 0x0000025219B18F20>, <snowplow_tracker.self_describing_json.SelfDescribingJson object at 0x000002521AC6DC70>]}
[0m20:29:27.428129 [debug] [MainThread]: Flushing usage events
[0m20:29:28.834253 [debug] [MainThread]: An error was encountered while trying to flush usage events
[0m21:09:55.163269 [debug] [MainThread]: Sending event: {'category': 'dbt', 'action': 'invocation', 'label': 'start', 'context': [<snowplow_tracker.self_describing_json.SelfDescribingJson object at 0x000001DEDEEFE900>, <snowplow_tracker.self_describing_json.SelfDescribingJson object at 0x000001DEE3397FE0>, <snowplow_tracker.self_describing_json.SelfDescribingJson object at 0x000001DEE3397E00>]}


============================== 21:09:55.173145 | 3d17efb7-f832-4031-96eb-47e7e67223f6 ==============================
[0m21:09:55.173145 [info ] [MainThread]: Running with dbt=1.11.7
[0m21:09:55.173145 [debug] [MainThread]: running dbt with arguments {'version_check': 'True', 'no_print': 'None', 'static_parser': 'True', 'target_path': 'None', 'warn_error_options': 'WarnErrorOptionsV2(error=[], warn=[], silence=[])', 'printer_width': '80', 'write_json': 'True', 'empty': 'False', 'log_cache_events': 'False', 'introspect': 'True', 'cache_selected_only': 'False', 'log_format': 'default', 'debug': 'False', 'fail_fast': 'False', 'profiles_dir': 'C:\\Users\\mbdal\\.dbt', 'send_anonymous_usage_stats': 'True', 'quiet': 'False', 'warn_error': 'None', 'partial_parse': 'True', 'use_colors': 'True', 'indirect_selection': 'eager', 'invocation_command': 'dbt run', 'use_experimental_parser': 'False', 'log_path': 'logs'}
[0m21:09:55.174090 [error] [MainThread]: Encountered an error:
Runtime Error
  No dbt_project.yml found at expected path D:\DEPI\Project\credit-risk-analysis\dbt_project.yml
  Verify that each entry within packages.yml (and their transitive dependencies) contains a file named dbt_project.yml
  
[0m21:09:55.175090 [debug] [MainThread]: Command `dbt run` failed at 21:09:55.175090 after 0.19 seconds
[0m21:09:55.175090 [debug] [MainThread]: Sending event: {'category': 'dbt', 'action': 'invocation', 'label': 'end', 'context': [<snowplow_tracker.self_describing_json.SelfDescribingJson object at 0x000001DEDEEFE900>, <snowplow_tracker.self_describing_json.SelfDescribingJson object at 0x000001DEE22E3B60>, <snowplow_tracker.self_describing_json.SelfDescribingJson object at 0x000001DEE33AE870>]}
[0m21:09:55.176167 [debug] [MainThread]: Flushing usage events
[0m21:09:57.072299 [debug] [MainThread]: An error was encountered while trying to flush usage events
